SearchResultPage(originalQuery=queryDoesNotMatter, page=2, resultsOnPage=[SearchResult(title=10, snippet=null, targetUrl=<http://www.example.com/url?documentId=10>;rel="targetUrl"), SearchResult(title=11, snippet=null, targetUrl=<http://www.example.com/url?documentId=11>;rel="targetUrl"), SearchResult(title=12, snippet=null, targetUrl=<http://www.example.com/url?documentId=12>;rel="targetUrl"), SearchResult(title=13, snippet=null, targetUrl=<http://www.example.com/url?documentId=13>;rel="targetUrl"), SearchResult(title=14, snippet=null, targetUrl=<http://www.example.com/url?documentId=14>;rel="targetUrl"), SearchResult(title=15, snippet=null, targetUrl=<http://www.example.com/url?documentId=15>;rel="targetUrl"), SearchResult(title=16, snippet=null, targetUrl=<http://www.example.com/url?documentId=16>;rel="targetUrl"), SearchResult(title=17, snippet=null, targetUrl=<http://www.example.com/url?documentId=17>;rel="targetUrl"), SearchResult(title=18, snippet=null, targetUrl=<http://www.example.com/url?documentId=18>;rel="targetUrl"), SearchResult(title=19, snippet=null, targetUrl=<http://www.example.com/url?documentId=19>;rel="targetUrl")], totalHits=30, nextPage=<http://www.example.com/?originalQuery=queryDoesNotMatter&currentPage=3>;rel="next", previousPage=<http://www.example.com/?originalQuery=queryDoesNotMatter&currentPage=1>;rel="prev", firstPageLink=null, lastPageLink=null, namedPageLinksBefore=[<http://www.example.com/?originalQuery=queryDoesNotMatter&currentPage=1>;rel="1"], namedPageLinksAfter=[<http://www.example.com/?originalQuery=queryDoesNotMatter&currentPage=3>;rel="3"])