SearchResultPage(originalQuery=null, page=1, resultsOnPage=null, totalHits=61, nextPage=<http://www.example.com/?currentPage=2>;rel="next", previousPage=null, firstPageLink=null, lastPageLink=<http://www.example.com/?currentPage=7>;rel="7", namedPageLinksBefore=[], namedPageLinksAfter=[<http://www.example.com/?currentPage=2>;rel="2", <http://www.example.com/?currentPage=3>;rel="3", <http://www.example.com/?currentPage=4>;rel="4"])