SearchResultPage(originalQuery=null, page=7, resultsOnPage=null, totalHits=61, nextPage=null, previousPage=<http://www.example.com/?currentPage=6>;rel="prev", firstPageLink=<http://www.example.com/?currentPage=1>;rel="1", lastPageLink=null, namedPageLinksBefore=[<http://www.example.com/?currentPage=4>;rel="4", <http://www.example.com/?currentPage=5>;rel="5", <http://www.example.com/?currentPage=6>;rel="6"], namedPageLinksAfter=[])