SearchResultPage(originalQuery=queryDoesNotMatter, page=1, resultsOnPage=[SearchResult(title=0, snippet=null, targetUrl=<http://www.example.com/url?documentId=0>;rel="targetUrl"), SearchResult(title=1, snippet=null, targetUrl=<http://www.example.com/url?documentId=1>;rel="targetUrl"), SearchResult(title=2, snippet=null, targetUrl=<http://www.example.com/url?documentId=2>;rel="targetUrl"), SearchResult(title=3, snippet=null, targetUrl=<http://www.example.com/url?documentId=3>;rel="targetUrl"), SearchResult(title=4, snippet=null, targetUrl=<http://www.example.com/url?documentId=4>;rel="targetUrl"), SearchResult(title=5, snippet=null, targetUrl=<http://www.example.com/url?documentId=5>;rel="targetUrl"), SearchResult(title=6, snippet=null, targetUrl=<http://www.example.com/url?documentId=6>;rel="targetUrl"), SearchResult(title=7, snippet=null, targetUrl=<http://www.example.com/url?documentId=7>;rel="targetUrl"), SearchResult(title=8, snippet=null, targetUrl=<http://www.example.com/url?documentId=8>;rel="targetUrl"), SearchResult(title=9, snippet=null, targetUrl=<http://www.example.com/url?documentId=9>;rel="targetUrl")], totalHits=57, nextPage=<http://www.example.com/?originalQuery=queryDoesNotMatter&currentPage=2>;rel="next", previousPage=null, firstPageLink=null, lastPageLink=<http://www.example.com/?originalQuery=queryDoesNotMatter&currentPage=6>;rel="6", namedPageLinksBefore=[], namedPageLinksAfter=[<http://www.example.com/?originalQuery=queryDoesNotMatter&currentPage=2>;rel="2", <http://www.example.com/?originalQuery=queryDoesNotMatter&currentPage=3>;rel="3", <http://www.example.com/?originalQuery=queryDoesNotMatter&currentPage=4>;rel="4"])