SearchResultPage(originalQuery=null, page=1, resultsOnPage=null, totalHits=0, nextPage=null, previousPage=null, firstPageLink=null, lastPageLink=null, namedPageLinksBefore=[], namedPageLinksAfter=[])