SearchResultPage(originalQuery=null, page=4, resultsOnPage=null, totalHits=70, nextPage=<http://www.example.com/?currentPage=5>;rel="next", previousPage=<http://www.example.com/?currentPage=3>;rel="prev", firstPageLink=null, lastPageLink=null, namedPageLinksBefore=[<http://www.example.com/?currentPage=1>;rel="1", <http://www.example.com/?currentPage=2>;rel="2", <http://www.example.com/?currentPage=3>;rel="3"], namedPageLinksAfter=[<http://www.example.com/?currentPage=5>;rel="5", <http://www.example.com/?currentPage=6>;rel="6", <http://www.example.com/?currentPage=7>;rel="7"])