SearchResultPage(originalQuery=null, page=5, resultsOnPage=null, totalHits=100, nextPage=<http://www.example.com/?currentPage=6>;rel="next", previousPage=<http://www.example.com/?currentPage=4>;rel="prev", firstPageLink=<http://www.example.com/?currentPage=1>;rel="1", lastPageLink=<http://www.example.com/?currentPage=10>;rel="10", namedPageLinksBefore=[<http://www.example.com/?currentPage=2>;rel="2", <http://www.example.com/?currentPage=3>;rel="3", <http://www.example.com/?currentPage=4>;rel="4"], namedPageLinksAfter=[<http://www.example.com/?currentPage=6>;rel="6", <http://www.example.com/?currentPage=7>;rel="7", <http://www.example.com/?currentPage=8>;rel="8"])