[Topic(query=droste email, description=E-Mail-Adresse von Professor Droste erfahren, narrative=Gesucht ist eine Webseite, die von dem Mitarbeiter Professor Droste der Universität Leipzig die E-Mail enthält. Es fallen also Publikationen weg, bei denen im Header die E-Mail von Professor Droste enthalten ist da er Author der Publikation war., category=Personensuche/Kontaktdaten, creator=Maik, evaluator=Maik, relevanceGainVector=[NOT_RELEVANT, RELEVANT_FOR_MRR, NOT_RELEVANT, NOT_RELEVANT, NOT_RELEVANT, NOT_RELEVANT, NOT_RELEVANT, NOT_RELEVANT, NOT_RELEVANT, NOT_RELEVANT])]