[Topic(query=droste email, description=E-Mail-Adresse von Professor Droste erfahren, narrative=Gesucht ist eine Webseite, die von dem Mitarbeiter Professor Droste der Universität Leipzig die E-Mail enthält. Es fallen also Publikationen weg, bei denen im Header die E-Mail von Professor Droste enthalten ist da er Author der Publikation war., category=Personensuche/Kontaktdaten, creator=Maik, evaluator=Maik, relevanceGainVector=[NOT_RELEVANT, RELEVANT_FOR_MRR, NOT_RELEVANT, NOT_RELEVANT, NOT_RELEVANT, NOT_RELEVANT, NOT_RELEVANT, NOT_RELEVANT, NOT_RELEVANT, NOT_RELEVANT]), Topic(query=droste, description=Persönliche Seite von Professor Droste finden, narrative=Nur die Webseite http://www.informatik.uni-leipzig.de/~droste/ ist gesucht., category=Personensuche, creator=Maik, evaluator=Maik, relevanceGainVector=[NOT_RELEVANT, RELEVANT_FOR_MRR, NOT_RELEVANT, NOT_RELEVANT, NOT_RELEVANT, NOT_RELEVANT, NOT_RELEVANT, NOT_RELEVANT, NOT_RELEVANT, NOT_RELEVANT]), Topic(query=rvs, description=Suche nach der Abteilung Rechnernetze und verteilte Systeme der Universität Leipzig, narrative=Nur die Webseite https://rvs.informatik.uni-leipzig.de/de/startseite/ ist gesucht., category=Abteilungssuche, creator=Maik, evaluator=Maik, relevanceGainVector=[NOT_RELEVANT, NOT_RELEVANT, NOT_RELEVANT, NOT_RELEVANT, NOT_RELEVANT, NOT_RELEVANT, RELEVANT_FOR_MRR, NOT_RELEVANT, NOT_RELEVANT, NOT_RELEVANT]), Topic(query=dbs, description=Suche nach der Abteilung Datenbanken der Universität Leipzig, narrative=Nur die Webseite https://dbs.uni-leipzig.de/ ist gesucht., category=Abteilungssuche, creator=Maik, evaluator=Maik, relevanceGainVector=[NOT_RELEVANT, NOT_RELEVANT, NOT_RELEVANT, NOT_RELEVANT, NOT_RELEVANT, NOT_RELEVANT, NOT_RELEVANT, NOT_RELEVANT, NOT_RELEVANT, NOT_RELEVANT])]