SearchResultPage(originalQuery=queryDoesNotMatter, page=2, resultsOnPage=[SearchResult(title=10, snippet=null, targetUrl=<http://www.example.com/url?documentId=10&duplicate=-1>;rel="targetUrl", linksToDuplicates=[], duplicateContent=null), SearchResult(title=11, snippet=null, targetUrl=<http://www.example.com/url?documentId=11&duplicate=-1>;rel="targetUrl", linksToDuplicates=[], duplicateContent=null), SearchResult(title=12, snippet=null, targetUrl=<http://www.example.com/url?documentId=12&duplicate=-1>;rel="targetUrl", linksToDuplicates=[], duplicateContent=null), SearchResult(title=13, snippet=null, targetUrl=<http://www.example.com/url?documentId=13&duplicate=-1>;rel="targetUrl", linksToDuplicates=[], duplicateContent=null), SearchResult(title=14, snippet=null, targetUrl=<http://www.example.com/url?documentId=14&duplicate=-1>;rel="targetUrl", linksToDuplicates=[], duplicateContent=null), SearchResult(title=15, snippet=null, targetUrl=<http://www.example.com/url?documentId=15&duplicate=-1>;rel="targetUrl", linksToDuplicates=[], duplicateContent=null), SearchResult(title=16, snippet=null, targetUrl=<http://www.example.com/url?documentId=16&duplicate=-1>;rel="targetUrl", linksToDuplicates=[], duplicateContent=null), SearchResult(title=17, snippet=null, targetUrl=<http://www.example.com/url?documentId=17&duplicate=-1>;rel="targetUrl", linksToDuplicates=[], duplicateContent=null), SearchResult(title=18, snippet=null, targetUrl=<http://www.example.com/url?documentId=18&duplicate=-1>;rel="targetUrl", linksToDuplicates=[], duplicateContent=null), SearchResult(title=19, snippet=null, targetUrl=<http://www.example.com/url?documentId=19&duplicate=-1>;rel="targetUrl", linksToDuplicates=[], duplicateContent=null)], totalHits=30, nextPage=<http://www.example.com/?originalQuery=queryDoesNotMatter&currentPage=3>;rel="next", previousPage=<http://www.example.com/?originalQuery=queryDoesNotMatter&currentPage=1>;rel="prev", firstPageLink=null, lastPageLink=null, namedPageLinksBefore=[<http://www.example.com/?originalQuery=queryDoesNotMatter&currentPage=1>;rel="1"], namedPageLinksAfter=[<http://www.example.com/?originalQuery=queryDoesNotMatter&currentPage=3>;rel="3"])