SearchResultPage(originalQuery=queryDoesNotMatter, page=2, resultsOnPage=[SearchResult(title=10, snippet=null, targetUrl=<http://www.example.com/url?documentId=10>;rel="targetUrl")], totalHits=11, nextPage=null, previousPage=<http://www.example.com/?originalQuery=queryDoesNotMatter&currentPage=1>;rel="prev", firstPageLink=null, lastPageLink=null, namedPageLinksBefore=[<http://www.example.com/?originalQuery=queryDoesNotMatter&currentPage=1>;rel="1"], namedPageLinksAfter=[])