SearchResultPage(originalQuery=queryDoesNotMatter, page=6, resultsOnPage=[SearchResult(title=50, snippet=null, targetUrl=<http://www.example.com/url?documentId=50>;rel="targetUrl"), SearchResult(title=51, snippet=null, targetUrl=<http://www.example.com/url?documentId=51>;rel="targetUrl"), SearchResult(title=52, snippet=null, targetUrl=<http://www.example.com/url?documentId=52>;rel="targetUrl"), SearchResult(title=53, snippet=null, targetUrl=<http://www.example.com/url?documentId=53>;rel="targetUrl"), SearchResult(title=54, snippet=null, targetUrl=<http://www.example.com/url?documentId=54>;rel="targetUrl"), SearchResult(title=55, snippet=null, targetUrl=<http://www.example.com/url?documentId=55>;rel="targetUrl"), SearchResult(title=56, snippet=null, targetUrl=<http://www.example.com/url?documentId=56>;rel="targetUrl")], totalHits=57, nextPage=null, previousPage=<http://www.example.com/?originalQuery=queryDoesNotMatter&currentPage=5>;rel="prev", firstPageLink=<http://www.example.com/?originalQuery=queryDoesNotMatter&currentPage=1>;rel="1", lastPageLink=null, namedPageLinksBefore=[<http://www.example.com/?originalQuery=queryDoesNotMatter&currentPage=3>;rel="3", <http://www.example.com/?originalQuery=queryDoesNotMatter&currentPage=4>;rel="4", <http://www.example.com/?originalQuery=queryDoesNotMatter&currentPage=5>;rel="5"], namedPageLinksAfter=[])