SearchResultPage(originalQuery=null, page=2, resultsOnPage=null, totalHits=21, nextPage=<http://www.example.com/?currentPage=3>;rel="next", previousPage=<http://www.example.com/?currentPage=1>;rel="prev", firstPageLink=null, lastPageLink=null, namedPageLinksBefore=[<http://www.example.com/?currentPage=1>;rel="1"], namedPageLinksAfter=[<http://www.example.com/?currentPage=3>;rel="3"])