{
  "page": 1,
  "totalHits": 0,
  "namedPageLinksBefore": [],
  "namedPageLinksAfter": []
}