{
  "originalQuery": "queryDoesNotMatter",
  "page": 2,
  "resultsOnPage": [
    {
      "title": "10",
      "targetUrl": {
        "displayLink": "www.example-link.com",
        "rel": "self",
        "href": "http://www.example.com/api/v1/url?documentId\u003d10\u0026duplicate\u003d-1",
        "template": {
          "variables": {
            "variables": []
          },
          "baseUri": "http://www.example.com/api/v1/url?documentId\u003d10\u0026duplicate\u003d-1"
        }
      },
      "linksToDuplicates": []
    },
    {
      "title": "11",
      "targetUrl": {
        "displayLink": "www.example-link.com",
        "rel": "self",
        "href": "http://www.example.com/api/v1/url?documentId\u003d11\u0026duplicate\u003d-1",
        "template": {
          "variables": {
            "variables": []
          },
          "baseUri": "http://www.example.com/api/v1/url?documentId\u003d11\u0026duplicate\u003d-1"
        }
      },
      "linksToDuplicates": []
    },
    {
      "title": "12",
      "targetUrl": {
        "displayLink": "www.example-link.com",
        "rel": "self",
        "href": "http://www.example.com/api/v1/url?documentId\u003d12\u0026duplicate\u003d-1",
        "template": {
          "variables": {
            "variables": []
          },
          "baseUri": "http://www.example.com/api/v1/url?documentId\u003d12\u0026duplicate\u003d-1"
        }
      },
      "linksToDuplicates": []
    },
    {
      "title": "13",
      "targetUrl": {
        "displayLink": "www.example-link.com",
        "rel": "self",
        "href": "http://www.example.com/api/v1/url?documentId\u003d13\u0026duplicate\u003d-1",
        "template": {
          "variables": {
            "variables": []
          },
          "baseUri": "http://www.example.com/api/v1/url?documentId\u003d13\u0026duplicate\u003d-1"
        }
      },
      "linksToDuplicates": []
    },
    {
      "title": "14",
      "targetUrl": {
        "displayLink": "www.example-link.com",
        "rel": "self",
        "href": "http://www.example.com/api/v1/url?documentId\u003d14\u0026duplicate\u003d-1",
        "template": {
          "variables": {
            "variables": []
          },
          "baseUri": "http://www.example.com/api/v1/url?documentId\u003d14\u0026duplicate\u003d-1"
        }
      },
      "linksToDuplicates": []
    },
    {
      "title": "15",
      "targetUrl": {
        "displayLink": "www.example-link.com",
        "rel": "self",
        "href": "http://www.example.com/api/v1/url?documentId\u003d15\u0026duplicate\u003d-1",
        "template": {
          "variables": {
            "variables": []
          },
          "baseUri": "http://www.example.com/api/v1/url?documentId\u003d15\u0026duplicate\u003d-1"
        }
      },
      "linksToDuplicates": []
    },
    {
      "title": "16",
      "targetUrl": {
        "displayLink": "www.example-link.com",
        "rel": "self",
        "href": "http://www.example.com/api/v1/url?documentId\u003d16\u0026duplicate\u003d-1",
        "template": {
          "variables": {
            "variables": []
          },
          "baseUri": "http://www.example.com/api/v1/url?documentId\u003d16\u0026duplicate\u003d-1"
        }
      },
      "linksToDuplicates": []
    },
    {
      "title": "17",
      "targetUrl": {
        "displayLink": "www.example-link.com",
        "rel": "self",
        "href": "http://www.example.com/api/v1/url?documentId\u003d17\u0026duplicate\u003d-1",
        "template": {
          "variables": {
            "variables": []
          },
          "baseUri": "http://www.example.com/api/v1/url?documentId\u003d17\u0026duplicate\u003d-1"
        }
      },
      "linksToDuplicates": []
    },
    {
      "title": "18",
      "targetUrl": {
        "displayLink": "www.example-link.com",
        "rel": "self",
        "href": "http://www.example.com/api/v1/url?documentId\u003d18\u0026duplicate\u003d-1",
        "template": {
          "variables": {
            "variables": []
          },
          "baseUri": "http://www.example.com/api/v1/url?documentId\u003d18\u0026duplicate\u003d-1"
        }
      },
      "linksToDuplicates": []
    },
    {
      "title": "19",
      "targetUrl": {
        "displayLink": "www.example-link.com",
        "rel": "self",
        "href": "http://www.example.com/api/v1/url?documentId\u003d19\u0026duplicate\u003d-1",
        "template": {
          "variables": {
            "variables": []
          },
          "baseUri": "http://www.example.com/api/v1/url?documentId\u003d19\u0026duplicate\u003d-1"
        }
      },
      "linksToDuplicates": []
    }
  ],
  "totalHits": 30,
  "nextPage": {
    "rel": "next",
    "href": "http://www.example.com/api/v1/search?q\u003dqueryDoesNotMatter\u0026p\u003d3",
    "template": {
      "variables": {
        "variables": []
      },
      "baseUri": "http://www.example.com/api/v1/search?q\u003dqueryDoesNotMatter\u0026p\u003d3"
    }
  },
  "previousPage": {
    "rel": "prev",
    "href": "http://www.example.com/api/v1/search?q\u003dqueryDoesNotMatter\u0026p\u003d1",
    "template": {
      "variables": {
        "variables": []
      },
      "baseUri": "http://www.example.com/api/v1/search?q\u003dqueryDoesNotMatter\u0026p\u003d1"
    }
  },
  "namedPageLinksBefore": [
    {
      "rel": "1",
      "href": "http://www.example.com/api/v1/search?q\u003dqueryDoesNotMatter\u0026p\u003d1",
      "template": {
        "variables": {
          "variables": []
        },
        "baseUri": "http://www.example.com/api/v1/search?q\u003dqueryDoesNotMatter\u0026p\u003d1"
      }
    }
  ],
  "namedPageLinksAfter": [
    {
      "rel": "3",
      "href": "http://www.example.com/api/v1/search?q\u003dqueryDoesNotMatter\u0026p\u003d3",
      "template": {
        "variables": {
          "variables": []
        },
        "baseUri": "http://www.example.com/api/v1/search?q\u003dqueryDoesNotMatter\u0026p\u003d3"
      }
    }
  ]
}