{
  "originalQuery": "queryDoesNotMatter",
  "page": 2,
  "resultsOnPage": [
    {
      "title": "10",
      "targetUrl": {
        "displayLink": "www.example-link.com",
        "rel": "self",
        "href": "http://www.example.com/api/v1/url?documentId\u003d10\u0026duplicate\u003d-1",
        "template": {
          "variables": {
            "variables": []
          },
          "baseUri": "http://www.example.com/api/v1/url?documentId\u003d10\u0026duplicate\u003d-1"
        }
      },
      "linksToDuplicates": []
    }
  ],
  "totalHits": 11,
  "previousPage": {
    "rel": "prev",
    "href": "http://www.example.com/api/v1/search?q\u003dqueryDoesNotMatter\u0026p\u003d1",
    "template": {
      "variables": {
        "variables": []
      },
      "baseUri": "http://www.example.com/api/v1/search?q\u003dqueryDoesNotMatter\u0026p\u003d1"
    }
  },
  "namedPageLinksBefore": [
    {
      "rel": "1",
      "href": "http://www.example.com/api/v1/search?q\u003dqueryDoesNotMatter\u0026p\u003d1",
      "template": {
        "variables": {
          "variables": []
        },
        "baseUri": "http://www.example.com/api/v1/search?q\u003dqueryDoesNotMatter\u0026p\u003d1"
      }
    }
  ],
  "namedPageLinksAfter": []
}