SearchResultPage(originalQuery=queryDoesNotMatter, page=1, resultsOnPage=[SearchResult(title=0, snippet=null, targetUrl=<http://www.example.com/url?documentId=0&duplicate=-1>;rel="targetUrl", linksToDuplicates=[], duplicateContent=null), SearchResult(title=1, snippet=null, targetUrl=<http://www.example.com/url?documentId=1&duplicate=-1>;rel="targetUrl", linksToDuplicates=[], duplicateContent=null), SearchResult(title=2, snippet=null, targetUrl=<http://www.example.com/url?documentId=2&duplicate=-1>;rel="targetUrl", linksToDuplicates=[], duplicateContent=null), SearchResult(title=3, snippet=null, targetUrl=<http://www.example.com/url?documentId=3&duplicate=-1>;rel="targetUrl", linksToDuplicates=[], duplicateContent=null), SearchResult(title=4, snippet=null, targetUrl=<http://www.example.com/url?documentId=4&duplicate=-1>;rel="targetUrl", linksToDuplicates=[], duplicateContent=null), SearchResult(title=5, snippet=null, targetUrl=<http://www.example.com/url?documentId=5&duplicate=-1>;rel="targetUrl", linksToDuplicates=[], duplicateContent=null), SearchResult(title=6, snippet=null, targetUrl=<http://www.example.com/url?documentId=6&duplicate=-1>;rel="targetUrl", linksToDuplicates=[], duplicateContent=null), SearchResult(title=7, snippet=null, targetUrl=<http://www.example.com/url?documentId=7&duplicate=-1>;rel="targetUrl", linksToDuplicates=[], duplicateContent=null), SearchResult(title=8, snippet=null, targetUrl=<http://www.example.com/url?documentId=8&duplicate=-1>;rel="targetUrl", linksToDuplicates=[], duplicateContent=null), SearchResult(title=9, snippet=null, targetUrl=<http://www.example.com/url?documentId=9&duplicate=-1>;rel="targetUrl", linksToDuplicates=[], duplicateContent=null)], totalHits=11, nextPage=<http://www.example.com/?originalQuery=queryDoesNotMatter&currentPage=2>;rel="next", previousPage=null, firstPageLink=null, lastPageLink=null, namedPageLinksBefore=[], namedPageLinksAfter=[<http://www.example.com/?originalQuery=queryDoesNotMatter&currentPage=2>;rel="2"])