{
  "page": 5,
  "totalHits": 100,
  "nextPage": {
    "rel": "next",
    "href": "http://www.example.com/api/v1/search?p\u003d6",
    "template": {
      "variables": {
        "variables": []
      },
      "baseUri": "http://www.example.com/api/v1/search?p\u003d6"
    }
  },
  "previousPage": {
    "rel": "prev",
    "href": "http://www.example.com/api/v1/search?p\u003d4",
    "template": {
      "variables": {
        "variables": []
      },
      "baseUri": "http://www.example.com/api/v1/search?p\u003d4"
    }
  },
  "firstPageLink": {
    "rel": "1",
    "href": "http://www.example.com/api/v1/search?p\u003d1",
    "template": {
      "variables": {
        "variables": []
      },
      "baseUri": "http://www.example.com/api/v1/search?p\u003d1"
    }
  },
  "lastPageLink": {
    "rel": "10",
    "href": "http://www.example.com/api/v1/search?p\u003d10",
    "template": {
      "variables": {
        "variables": []
      },
      "baseUri": "http://www.example.com/api/v1/search?p\u003d10"
    }
  },
  "namedPageLinksBefore": [
    {
      "rel": "2",
      "href": "http://www.example.com/api/v1/search?p\u003d2",
      "template": {
        "variables": {
          "variables": []
        },
        "baseUri": "http://www.example.com/api/v1/search?p\u003d2"
      }
    },
    {
      "rel": "3",
      "href": "http://www.example.com/api/v1/search?p\u003d3",
      "template": {
        "variables": {
          "variables": []
        },
        "baseUri": "http://www.example.com/api/v1/search?p\u003d3"
      }
    },
    {
      "rel": "4",
      "href": "http://www.example.com/api/v1/search?p\u003d4",
      "template": {
        "variables": {
          "variables": []
        },
        "baseUri": "http://www.example.com/api/v1/search?p\u003d4"
      }
    }
  ],
  "namedPageLinksAfter": [
    {
      "rel": "6",
      "href": "http://www.example.com/api/v1/search?p\u003d6",
      "template": {
        "variables": {
          "variables": []
        },
        "baseUri": "http://www.example.com/api/v1/search?p\u003d6"
      }
    },
    {
      "rel": "7",
      "href": "http://www.example.com/api/v1/search?p\u003d7",
      "template": {
        "variables": {
          "variables": []
        },
        "baseUri": "http://www.example.com/api/v1/search?p\u003d7"
      }
    },
    {
      "rel": "8",
      "href": "http://www.example.com/api/v1/search?p\u003d8",
      "template": {
        "variables": {
          "variables": []
        },
        "baseUri": "http://www.example.com/api/v1/search?p\u003d8"
      }
    }
  ]
}