{
  "originalQuery": "queryDoesNotMatter",
  "page": 1,
  "resultsOnPage": [
    {
      "title": "0",
      "targetUrl": {
        "displayLink": "www.example-link.com",
        "rel": "self",
        "href": "http://www.example.com/url?documentId\u003d0\u0026duplicate\u003d-1",
        "template": {
          "variables": {
            "variables": []
          },
          "baseUri": "http://www.example.com/url?documentId\u003d0\u0026duplicate\u003d-1"
        }
      },
      "linksToDuplicates": []
    },
    {
      "title": "1",
      "targetUrl": {
        "displayLink": "www.example-link.com",
        "rel": "self",
        "href": "http://www.example.com/url?documentId\u003d1\u0026duplicate\u003d-1",
        "template": {
          "variables": {
            "variables": []
          },
          "baseUri": "http://www.example.com/url?documentId\u003d1\u0026duplicate\u003d-1"
        }
      },
      "linksToDuplicates": []
    },
    {
      "title": "2",
      "targetUrl": {
        "displayLink": "www.example-link.com",
        "rel": "self",
        "href": "http://www.example.com/url?documentId\u003d2\u0026duplicate\u003d-1",
        "template": {
          "variables": {
            "variables": []
          },
          "baseUri": "http://www.example.com/url?documentId\u003d2\u0026duplicate\u003d-1"
        }
      },
      "linksToDuplicates": []
    },
    {
      "title": "3",
      "targetUrl": {
        "displayLink": "www.example-link.com",
        "rel": "self",
        "href": "http://www.example.com/url?documentId\u003d3\u0026duplicate\u003d-1",
        "template": {
          "variables": {
            "variables": []
          },
          "baseUri": "http://www.example.com/url?documentId\u003d3\u0026duplicate\u003d-1"
        }
      },
      "linksToDuplicates": []
    },
    {
      "title": "4",
      "targetUrl": {
        "displayLink": "www.example-link.com",
        "rel": "self",
        "href": "http://www.example.com/url?documentId\u003d4\u0026duplicate\u003d-1",
        "template": {
          "variables": {
            "variables": []
          },
          "baseUri": "http://www.example.com/url?documentId\u003d4\u0026duplicate\u003d-1"
        }
      },
      "linksToDuplicates": []
    },
    {
      "title": "5",
      "targetUrl": {
        "displayLink": "www.example-link.com",
        "rel": "self",
        "href": "http://www.example.com/url?documentId\u003d5\u0026duplicate\u003d-1",
        "template": {
          "variables": {
            "variables": []
          },
          "baseUri": "http://www.example.com/url?documentId\u003d5\u0026duplicate\u003d-1"
        }
      },
      "linksToDuplicates": []
    },
    {
      "title": "6",
      "targetUrl": {
        "displayLink": "www.example-link.com",
        "rel": "self",
        "href": "http://www.example.com/url?documentId\u003d6\u0026duplicate\u003d-1",
        "template": {
          "variables": {
            "variables": []
          },
          "baseUri": "http://www.example.com/url?documentId\u003d6\u0026duplicate\u003d-1"
        }
      },
      "linksToDuplicates": []
    },
    {
      "title": "7",
      "targetUrl": {
        "displayLink": "www.example-link.com",
        "rel": "self",
        "href": "http://www.example.com/url?documentId\u003d7\u0026duplicate\u003d-1",
        "template": {
          "variables": {
            "variables": []
          },
          "baseUri": "http://www.example.com/url?documentId\u003d7\u0026duplicate\u003d-1"
        }
      },
      "linksToDuplicates": []
    },
    {
      "title": "8",
      "targetUrl": {
        "displayLink": "www.example-link.com",
        "rel": "self",
        "href": "http://www.example.com/url?documentId\u003d8\u0026duplicate\u003d-1",
        "template": {
          "variables": {
            "variables": []
          },
          "baseUri": "http://www.example.com/url?documentId\u003d8\u0026duplicate\u003d-1"
        }
      },
      "linksToDuplicates": []
    },
    {
      "title": "9",
      "targetUrl": {
        "displayLink": "www.example-link.com",
        "rel": "self",
        "href": "http://www.example.com/url?documentId\u003d9\u0026duplicate\u003d-1",
        "template": {
          "variables": {
            "variables": []
          },
          "baseUri": "http://www.example.com/url?documentId\u003d9\u0026duplicate\u003d-1"
        }
      },
      "linksToDuplicates": []
    }
  ],
  "totalHits": 57,
  "nextPage": {
    "rel": "next",
    "href": "http://www.example.com/?originalQuery\u003dqueryDoesNotMatter\u0026currentPage\u003d2",
    "template": {
      "variables": {
        "variables": []
      },
      "baseUri": "http://www.example.com/?originalQuery\u003dqueryDoesNotMatter\u0026currentPage\u003d2"
    }
  },
  "lastPageLink": {
    "rel": "6",
    "href": "http://www.example.com/?originalQuery\u003dqueryDoesNotMatter\u0026currentPage\u003d6",
    "template": {
      "variables": {
        "variables": []
      },
      "baseUri": "http://www.example.com/?originalQuery\u003dqueryDoesNotMatter\u0026currentPage\u003d6"
    }
  },
  "namedPageLinksBefore": [],
  "namedPageLinksAfter": [
    {
      "rel": "2",
      "href": "http://www.example.com/?originalQuery\u003dqueryDoesNotMatter\u0026currentPage\u003d2",
      "template": {
        "variables": {
          "variables": []
        },
        "baseUri": "http://www.example.com/?originalQuery\u003dqueryDoesNotMatter\u0026currentPage\u003d2"
      }
    },
    {
      "rel": "3",
      "href": "http://www.example.com/?originalQuery\u003dqueryDoesNotMatter\u0026currentPage\u003d3",
      "template": {
        "variables": {
          "variables": []
        },
        "baseUri": "http://www.example.com/?originalQuery\u003dqueryDoesNotMatter\u0026currentPage\u003d3"
      }
    },
    {
      "rel": "4",
      "href": "http://www.example.com/?originalQuery\u003dqueryDoesNotMatter\u0026currentPage\u003d4",
      "template": {
        "variables": {
          "variables": []
        },
        "baseUri": "http://www.example.com/?originalQuery\u003dqueryDoesNotMatter\u0026currentPage\u003d4"
      }
    }
  ]
}