{
  "page": 1,
  "totalHits": 61,
  "nextPage": {
    "rel": "next",
    "href": "http://www.example.com/?currentPage\u003d2",
    "template": {
      "variables": {
        "variables": []
      },
      "baseUri": "http://www.example.com/?currentPage\u003d2"
    }
  },
  "lastPageLink": {
    "rel": "7",
    "href": "http://www.example.com/?currentPage\u003d7",
    "template": {
      "variables": {
        "variables": []
      },
      "baseUri": "http://www.example.com/?currentPage\u003d7"
    }
  },
  "namedPageLinksBefore": [],
  "namedPageLinksAfter": [
    {
      "rel": "2",
      "href": "http://www.example.com/?currentPage\u003d2",
      "template": {
        "variables": {
          "variables": []
        },
        "baseUri": "http://www.example.com/?currentPage\u003d2"
      }
    },
    {
      "rel": "3",
      "href": "http://www.example.com/?currentPage\u003d3",
      "template": {
        "variables": {
          "variables": []
        },
        "baseUri": "http://www.example.com/?currentPage\u003d3"
      }
    },
    {
      "rel": "4",
      "href": "http://www.example.com/?currentPage\u003d4",
      "template": {
        "variables": {
          "variables": []
        },
        "baseUri": "http://www.example.com/?currentPage\u003d4"
      }
    }
  ]
}