{
  "page": 1,
  "totalHits": 11,
  "nextPage": {
    "rel": "next",
    "href": "http://www.example.com/?currentPage\u003d2",
    "template": {
      "variables": {
        "variables": []
      },
      "baseUri": "http://www.example.com/?currentPage\u003d2"
    }
  },
  "namedPageLinksBefore": [],
  "namedPageLinksAfter": [
    {
      "rel": "2",
      "href": "http://www.example.com/?currentPage\u003d2",
      "template": {
        "variables": {
          "variables": []
        },
        "baseUri": "http://www.example.com/?currentPage\u003d2"
      }
    }
  ]
}