Request(headers={}, requestUrl=http://www.example.com, remoteAddr=0.0.0.0, remoteHost=localhost, remotePort=1234)