Request(headers={a=value-1, b=value-2, c=value-3}, requestUrl=http://www.example.com, remoteAddr=0.0.0.0, remoteHost=localhost, remotePort=1234)