WebResponseEvent(request=Request(headers={key-1=value-1, key-2=value-2}, requestUrl=http://www.bla.de, remoteAddr=0.0.0.0, remoteHost=localhost, remotePort=1234), clientId=MySessionId, responseModel=null)